

















屌丝#网民#解构#屌丝文化#阿Q#网络亚文化#
屌丝/n_new/15.12#网民/n_new/6.66#解构/n_new/5.27#屌丝文化/n_new/5.00#阿Q/n_new/4.99#网络亚文化/n_new/4.16#
屌丝#网民#解构#屌丝文化#阿Q#网络亚文化#
屌丝/n_new/15.12#网民/n_new/6.66#解构/n_new/5.27#屌丝文化/n_new/5.00#阿Q/n_new/4.99#网络亚文化/n_new/4.16#
屌丝#网民#解构#屌丝文化#阿Q#网络亚文化#
屌丝/n_new/15.12#网民/n_new/6.66#解构/n_new/5.27#屌丝文化/n_new/5.00#阿Q/n_new/4.99#网络亚文化/n_new/4.16#
屌丝#网民#解构#屌丝文化#阿Q#网络亚文化#
屌丝/n_new/15.12#网民/n_new/6.66#解构/n_new/5.27#屌丝文化/n_new/5.00#阿Q/n_new/4.99#网络亚文化/n_new/4.16#
屌丝#网民#解构#屌丝文化#阿Q#网络亚文化#
屌丝/n_new/15.12#网民/n_new/6.66#解构/n_new/5.27#屌丝文化/n_new/5.00#阿Q/n_new/4.99#
屌丝#网民#解构#屌丝文化#阿Q#
屌丝/n_new/15.12#网民/n_new/6.66#解构/n_new/5.27#屌丝文化/n_new/5.00#阿Q/n_new/4.99#
屌丝#网民#解构#屌丝文化#阿Q#
屌丝/n_new/15.12#网民/n_new/6.66#解构/n_new/5.27#屌丝文化/n_new/5.00#阿Q/n_new/4.99#
屌丝#网民#解构#屌丝文化#阿Q#
屌丝/n_new/15.12#网民/n_new/6.66#解构/n_new/5.27#屌丝文化/n_new/5.00#阿Q/n_new/4.99#
屌丝#网民#解构#屌丝文化#阿Q#
屌丝/n_new/15.12#网民/n_new/6.66#解构/n_new/5.27#屌丝文化/n_new/5.00#阿Q/n_new/4.99#
屌丝#网民#解构#屌丝文化#阿Q#
屌丝/n_new/15.12#网民/n_new/6.66#解构/n_new/5.27#屌丝文化/n_new/5.00#阿Q/n_new/4.99#
屌丝#网民#解构#屌丝文化#阿Q#
屌丝/n_new/15.12#网民/n_new/6.66#解构/n_new/5.27#屌丝文化/n_new/5.00#阿Q/n_new/4.99#
屌丝#网民#解构#屌丝文化#阿Q#
屌丝/n_new/15.12#网民/n_new/6.66#解构/n_new/5.27#屌丝文化/n_new/5.00#阿Q/n_new/4.99#
屌丝#网民#解构#屌丝文化#阿Q#
屌丝/n_new/15.12#网民/n_new/6.66#解构/n_new/5.27#屌丝文化/n_new/5.00#阿Q/n_new/4.99#
屌丝#网民#解构#屌丝文化#阿Q#




























































屌丝/n_new/15.12#网民/n_new/6.66#解构/n_new/5.27#屌丝文化/n_new/5.00#阿Q/n_new/4.99#
屌丝#网民#解构#屌丝文化#阿Q#
屌丝/n_new/15.12#网民/n_new/6.66#解构/n_new/5.27#屌丝文化/n_new/5.00#阿Q/n_new/4.99#
屌丝#网民#解构#屌丝文化#阿Q#
屌丝/n_new/15.12#网民/n_new/6.66#解构/n_new/5.27#屌丝文化/n_new/5.00#阿Q/n_new/4.99#
屌丝#网民#解构#屌丝文化#阿Q#
屌丝/n_new/15.12#网民/n_new/6.66#解构/n_new/5.27#屌丝文化/n_new/5.00#阿Q/n_new/4.99#
屌丝#网民#解构#屌丝文化#阿Q#
屌丝/n_new/15.12#网民/n_new/6.66#解构/n_new/5.27#屌丝文化/n_new/5.00#阿Q/n_new/4.99#
屌丝#网民#解构#屌丝文化#阿Q#
屌丝/n_new/15.12#网民/n_new/6.66#解构/n_new/5.27#屌丝文化/n_new/5.00#阿Q/n_new/4.99#
屌丝#网民#解构#屌丝文化#阿Q#
屌丝/n_new/15.12#网民/n_new/6.66#解构/n_new/5.27#屌丝文化/n_new/5.00#阿Q/n_new/4.99#
屌丝#网民#解构#屌丝文化#阿Q#
屌丝/n_new/15.12#网民/n_new/6.66#解构/n_new/5.27#屌丝文化/n_new/5.00#阿Q/n_new/4.99#
屌丝#网民#解构#屌丝文化#阿Q#
屌丝/n_new/15.12#网民/n_new/6.66#解构/n_new/5.27#屌丝文化/n_new/5.00#阿Q/n_new/4.99#
屌丝#网民#解构#屌丝文化#阿Q#
屌丝/n_new/15.12#网民/n_new/6.66#解构/n_new/5.27#屌丝文化/n_new/5.00#阿Q/n_new/4.99#
屌丝#网民#解构#屌丝文化#阿Q#
屌丝/n_new/15.12#网民/n_new/6.66#解构/n_new/5.27#屌丝文化/n_new/5.00#阿Q/n_new/4.99#
屌丝#网民#解构#屌丝文化#阿Q#
屌丝/n_new/15.12#网民/n_new/6.66#解构/n_new/5.27#屌丝文化/n_new/5.00#阿Q/n_new/4.99#
屌丝#网民#解构#屌丝文化#阿Q#
屌丝/n_new/15.12#网民/n_new/6.66#解构/n_new/5.27#屌丝文化/n_new/5.00#阿Q/n_new/4.99#
屌丝#网民#解构#屌丝文化#阿Q#
屌丝/n_new/15.12#网民/n_new/6.66#解构/n_new/5.27#屌丝文化/n_new/5.00#阿Q/n_new/4.99#
屌丝#网民#解构#屌丝文化#阿Q#
屌丝/n_new/15.12#网民/n_new/6.66#解构/n_new/5.27#屌丝文化/n_new/5.00#阿Q/n_new/4.99#
屌丝#网民#解构#屌丝文化#阿Q#
